// Jest Snapshot v1, https://goo.gl/fbAQLP

exports[`shoulg match with snapshot 1`] = `
<View
  accessible={true}
  collapsable={false}
  focusable={false}
  onClick={[Function]}
  onResponderGrant={[Function]}
  onResponderMove={[Function]}
  onResponderRelease={[Function]}
  onResponderTerminate={[Function]}
  onResponderTerminationRequest={[Function]}
  onStartShouldSetResponder={[Function]}
  style={
    Object {
      "opacity": 1,
    }
  }
  testID="button-toucable"
>
  <View
    style={
      Object {
        "alignItems": "center",
        "backgroundColor": "#D18CE0",
        "borderColor": "#D18CE0",
        "borderRadius": 25,
        "borderWidth": 1,
        "height": 50,
        "justifyContent": "center",
        "width": 50,
      }
    }
  >
    <Text
      style={
        Object {
          "color": "#FFFBE9",
          "fontSize": 20,
        }
      }
    >
      +
    </Text>
  </View>
</View>
`;
